
> storylens-desktop@0.1.0 test:e2e
> playwright test --workers=1


Running 67 tests using 1 worker

  ok  1 e2e\phase_1ca10_scene_resume.spec.ts:8:3 › Phase 1C-A.10 Scene Analysis resume UI › shows scene resume card and hides detection recovery (3.1s)
  ok  2 e2e\phase_1ca7_recovery.spec.ts:15:1 › semantic conflict remains reviewable and can be rejected (2.0s)
  ok  3 e2e\phase_1ca7_recovery.spec.ts:111:1 › partial run continues once from reusable checkpoints (1.7s)
  ok  4 e2e\phase_1ca8_boundary_review.spec.ts:3:1 › timeline yellow candidate selects T0017 and confirm blocks on pending (1.7s)
  ok  5 e2e\phase_1cb_results.spec.ts:117:3 › Phase 1C-B results viewing › open Run #55 results and browse scenes (2.9s)
  ok  6 e2e\phase_1cc1_2_reader_journey.spec.ts:6:3 › Phase 1C-C.1.2 Reader Journey truncation › failed OUTPUT_TRUNCATED message, resume reuse, polling stop, blind resume blocked (5.6s)
  ok  7 e2e\phase_1cc1_3_reader_journey_offline_replay.spec.ts:3:1 › reader journey offline replay path (mocked) (1.3s)
  ok  8 e2e\phase_1cc1_4_resume_preflight_refresh.spec.ts:3:1 › offline replay refreshes resume preflight and enables resume (mocked) (1.4s)
  ok  9 e2e\phase_1cc1_reader_journey.spec.ts:6:3 › Phase 1C-C.1 Reader Journey › generate reader journey from Run #55 results page (2.0s)
  ok 10 e2e\phase_1cc2_2_sync_workspace.spec.ts:302:3 › Phase 1C-C.2.2 Sync workspace › sync layout, selection sync, URL persistence (3.3s)
  ok 11 e2e\phase_1cc2_2_sync_workspace.spec.ts:342:3 › Phase 1C-C.2.2 Sync workspace › scene detail drawer renders writing takeaways without crashing (2.8s)
  ok 12 e2e\phase_1cc2_reader_journey_visual.spec.ts:445:3 › Phase 1C-C.2.1 Reader Journey visual calibration › renders compact workspace, clusters, marker toggle, and export (1.8s)
  ok 13 e2e\phase_1cc23a_ui_shell.spec.ts:294:3 › Phase 1C-C.2.3A UI shell › paragraph ID layout and results single navigation source (3.5s)
  ok 14 e2e\phase_1cc23b_current_page_analysis.spec.ts:49:3 › Phase 1C-C.2.3B current-page analysis progress › create run stays on book page, polls progress, opens results (3.6s)
  ok 15 e2e\phase_1cc23b_current_page_analysis.spec.ts:203:3 › Phase 1C-C.2.3B current-page analysis progress › failed/partial resume reuses same run id (1.0s)
  ok 16 e2e\phase_1cc23c_current_page_result.spec.ts:146:3 › Phase 1C-C.2.3C current-page result composition › E2E A: succeeded run auto-embeds results on /books (3.7s)
  ok 17 e2e\phase_1cc23c_current_page_result.spec.ts:279:3 › Phase 1C-C.2.3C current-page result composition › E2E B: deep-link restores Reader Journey sync workspace (1.7s)
  ok 18 e2e\phase_1cc23c_current_page_result.spec.ts:409:3 › Phase 1C-C.2.3C current-page result composition › E2E C: independent results route still works (873ms)
  ok 19 e2e\phase_1cc24_reader_journey_ui_refinement.spec.ts:145:3 › Phase 1C-C.2.4 Reader Journey UI refinement › embedded books route: overview fixed, detail tabs, evidence, export (3.4s)
  ok 20 e2e\phase_1cc24_reader_journey_ui_refinement.spec.ts:184:3 › Phase 1C-C.2.4 Reader Journey UI refinement › independent results route still shows refined journey UI (1.3s)
  ok 21 e2e\phase_1cc25_reader_journey_viewport_fit.spec.ts:143:3 › Phase 1C-C.2.5 Reader Journey viewport fit › embedded books: single journey analysis, resize, evidence, export (3.9s)
  ok 22 e2e\phase_1cc25_reader_journey_viewport_fit.spec.ts:194:3 › Phase 1C-C.2.5 Reader Journey viewport fit › independent results route supports overview=curve (1.3s)
  ok 23 e2e\phase_1cc251_blocking_ui_fix.spec.ts:184:5 › Phase 1C-C.2.5.1 Reader Journey blocking UI fix › scenario A: no overlap at 1920x1080 (1.5s)
  ok 24 e2e\phase_1cc251_blocking_ui_fix.spec.ts:184:5 › Phase 1C-C.2.5.1 Reader Journey blocking UI fix › scenario A: no overlap at 1280x720 (1.5s)
  ok 25 e2e\phase_1cc251_blocking_ui_fix.spec.ts:214:3 › Phase 1C-C.2.5.1 Reader Journey blocking UI fix › scenario B: PNG export from legacy questions URL stays on journey analysis (2.7s)
  ok 26 e2e\phase_1cc251_blocking_ui_fix.spec.ts:253:3 › Phase 1C-C.2.5.1 Reader Journey blocking UI fix › scenario C: export failure shows feedback and restores UI (1.8s)
  ok 27 e2e\phase_1cc251_blocking_ui_fix.spec.ts:284:3 › Phase 1C-C.2.5.1 Reader Journey blocking UI fix › independent results route: no overlap on curve (1.2s)
  ok 28 e2e\phase_1cc253_books_route_selection_transaction.spec.ts:145:3 › Phase 1C-C.2.5.3 Books route selection transaction › A: Curve Scene 14 commits atomic URL and does not roll back (3.4s)
  ok 29 e2e\phase_1cc253_books_route_selection_transaction.spec.ts:166:3 › Phase 1C-C.2.5.3 Books route selection transaction › B: Rhythm Scene 9 does not keep stale Scene 14 (1.3s)
  ok 30 e2e\phase_1cc253_books_route_selection_transaction.spec.ts:179:3 › Phase 1C-C.2.5.3 Books route selection transaction › C: Phase click keeps Scene 9 (1.5s)
  ok 31 e2e\phase_1cc253_books_route_selection_transaction.spec.ts:193:3 › Phase 1C-C.2.5.3 Books route selection transaction › D: rapid clicks settle on last Scene (1.8s)
  ok 32 e2e\phase_1cc253_books_route_selection_transaction.spec.ts:207:3 › Phase 1C-C.2.5.3 Books route selection transaction › E: Back/Forward restores selection (3.4s)
  ok 33 e2e\phase_1cc253_books_route_selection_transaction.spec.ts:228:3 › Phase 1C-C.2.5.3 Books route selection transaction › F: standalone results route Curve/Rhythm/Phase still work (1.9s)
  ok 34 e2e\phase_1cc26_journey_analysis_focused_view.spec.ts:143:3 › Phase 1C-C.2.6 journey analysis focused view › scenario A: Books embedded route shows single journey analysis (1.5s)
  ok 35 e2e\phase_1cc26_journey_analysis_focused_view.spec.ts:166:3 › Phase 1C-C.2.6 journey analysis focused view › scenario B: legacy overview=questions normalizes without blank or new run (1.5s)
  ok 36 e2e\phase_1cc26_journey_analysis_focused_view.spec.ts:186:3 › Phase 1C-C.2.6 journey analysis focused view › scenario C: legacy overview=diagnosis normalizes (1.4s)
  ok 37 e2e\phase_1cc26_journey_analysis_focused_view.spec.ts:199:3 › Phase 1C-C.2.6 journey analysis focused view › scenario D: metric selector updates curve and URL (2.7s)
  ok 38 e2e\phase_1cc26_journey_analysis_focused_view.spec.ts:222:3 › Phase 1C-C.2.6 journey analysis focused view › scenario E: Scene click stays stable for 3s (4.6s)
  ok 39 e2e\phase_1cc26_journey_analysis_focused_view.spec.ts:238:3 › Phase 1C-C.2.6 journey analysis focused view › scenario F: PNG export uses 旅程分析 title (2.2s)
  ok 40 e2e\phase_1cc26_journey_analysis_focused_view.spec.ts:255:3 › Phase 1C-C.2.6 journey analysis focused view › scenario G: independent results route same layout (1.5s)
  ok 41 e2e\phase_1cc261_header_insight_density.spec.ts:143:3 › Phase 1C-C.2.6.1 header and insight density › scenario A: single title, compact insights, wide curve (1.5s)
  ok 42 e2e\phase_1cc261_header_insight_density.spec.ts:171:3 › Phase 1C-C.2.6.1 header and insight density › scenario B: peak click selects Scene and stays 3s (4.6s)
  ok 43 e2e\phase_1cc261_header_insight_density.spec.ts:187:3 › Phase 1C-C.2.6.1 header and insight density › scenario C: weak interval clicks valley scene (1.6s)
  ok 44 e2e\phase_1cc261_header_insight_density.spec.ts:202:3 › Phase 1C-C.2.6.1 header and insight density › scenario D: traction and hook open inspectors (1.7s)
  ok 45 e2e\phase_1cc261_header_insight_density.spec.ts:218:3 › Phase 1C-C.2.6.1 header and insight density › scenario E: PNG has single title (2.0s)
  ok 46 e2e\phase_1cc262_compact_phase_navigation.spec.ts:153:3 › Phase 1C-C.2.6.2 compact phase navigation › scenario A: 1920×1080 four phases visible, equal height, no vertical clip (1.4s)
  ok 47 e2e\phase_1cc262_compact_phase_navigation.spec.ts:189:3 › Phase 1C-C.2.6.2 compact phase navigation › scenario B: 1280×720 single-row strip, page not horizontally scrolled (1.3s)
  ok 48 e2e\phase_1cc262_compact_phase_navigation.spec.ts:221:3 › Phase 1C-C.2.6.2 compact phase navigation › scenario C: narrow phase select keeps scene, switches inspector (1.7s)
  ok 49 e2e\phase_1cc262_compact_phase_navigation.spec.ts:240:3 › Phase 1C-C.2.6.2 compact phase navigation › scenario D: long title uses ellipsis and title tooltip (1.5s)
  ok 50 e2e\phase_1cc262_compact_phase_navigation.spec.ts:257:3 › Phase 1C-C.2.6.2 compact phase navigation › scenario E: PNG export keeps four-column phase strip without mobile select (2.3s)
  ok 51 e2e\phase_1cc262_compact_phase_navigation.spec.ts:277:3 › Phase 1C-C.2.6.2 compact phase navigation › standalone route still loads compact phase nav (1.4s)
  ok 52 e2e\phase_1cc27_context_inspector_hierarchy.spec.ts:147:3 › Phase 1C-C.2.7 Context Inspector hierarchy › scenario A: Scene overview hierarchy (4.5s)
  ok 53 e2e\phase_1cc27_context_inspector_hierarchy.spec.ts:168:3 › Phase 1C-C.2.7 Context Inspector hierarchy › scenario B: empty question chain state (1.5s)
  ok 54 e2e\phase_1cc27_context_inspector_hierarchy.spec.ts:188:3 › Phase 1C-C.2.7 Context Inspector hierarchy › scenario C: writing takeaways object renders (1.5s)
  ok 55 e2e\phase_1cc27_context_inspector_hierarchy.spec.ts:206:3 › Phase 1C-C.2.7 Context Inspector hierarchy › scenario D: Evidence default 5 and locate (1.7s)
  ok 56 e2e\phase_1cc27_context_inspector_hierarchy.spec.ts:232:3 › Phase 1C-C.2.7 Context Inspector hierarchy › scenario E: Phase keeps Scene and compact related list (1.7s)
  ok 57 e2e\phase_1cc27_context_inspector_hierarchy.spec.ts:248:3 › Phase 1C-C.2.7 Context Inspector hierarchy › scenario F: Question/Hook/Payoff/Risk inspectors (4.0s)
  ok 58 e2e\phase_1cc27_context_inspector_hierarchy.spec.ts:277:3 › Phase 1C-C.2.7 Context Inspector hierarchy › scenario G: no-selection empty state (1.4s)
  ok 59 e2e\phase_1cc27_context_inspector_hierarchy.spec.ts:289:3 › Phase 1C-C.2.7 Context Inspector hierarchy › scenario H: responsive viewports (3.5s)
  ok 60 e2e\phase_1cc27_reader_journey_ui_final_visual_baseline.spec.ts:157:3 › Reader Journey UI Final Freeze v2.7 visual baseline › capture visual baseline screenshots (5.1s)
  ok 61 e2e\provider_transport_diagnostic.spec.ts:165:3 › Provider transport diagnostic e2e (fake) › 诊断成功不产生真实云端调用 (1.1s)
  ok 62 e2e\provider_transport_diagnostic.spec.ts:173:3 › Provider transport diagnostic e2e (fake) › DNS失败结果展示 (1.2s)
  ok 63 e2e\provider_transport_diagnostic.spec.ts:189:3 › Provider transport diagnostic e2e (fake) › TLS失败与ConnectTimeout展示 (1.1s)
  ok 64 e2e\provider_transport_diagnostic.spec.ts:204:3 › Provider transport diagnostic e2e (fake) › 真实连接测试确认、运行与结果均可见且使用Fake (1.9s)
  ok 65 e2e\screenshots.spec.ts:4:1 › phase2a screenshots (7.8s)
  ok 66 e2e\smoke.spec.ts:3:1 › navigation and offline-safe shell (1.5s)
  ok 67 e2e\start_analysis_dialog_layout.spec.ts:143:3 › StartAnalysisDialog layout › 小视口下 Body 可滚动且创建任务按钮在视口内 (1.4s)

  67 passed (2.7m)

(node:31040) Warning: The 'NO_COLOR' env is ignored due to the 'FORCE_COLOR' env being set.
(Use `node --trace-warnings ...` to show where the warning was created)
